Unhandled Exception: Could not determine join condition between parent/child tables on relationship Subdivision.cities - there are no foreign keys linking these tables.  Ensure that referencing columns are associated with a ForeignKey or ForeignKeyConstraint, or specify a 'primaryjoin' expression.
Traceback (most recent call last):
  File "/home/jeevashri/gymflow-backend/.venv/lib/python3.12/site-packages/sqlalchemy/orm/relationships.py", line 2434, in _determine_joins
    self.primaryjoin = join_condition(
                       ^^^^^^^^^^^^^^^
  File "/home/jeevashri/gymflow-backend/.venv/lib/python3.12/site-packages/sqlalchemy/sql/util.py", line 121, in join_condition
    return Join._join_condition(
           ^^^^^^^^^^^^^^^^^^^^^
  File "/home/jeevashri/gymflow-backend/.venv/lib/python3.12/site-packages/sqlalchemy/sql/selectable.py", line 1453, in _join_condition
    raise exc.NoForeignKeysError(
sqlalchemy.exc.NoForeignKeysError: Can't find any foreign key relationships between 'subdivisions' and 'cities'.

The above exception was the direct cause of the following exception:

Traceback (most recent call last):
  File "/home/jeevashri/gymflow-backend/.venv/lib/python3.12/site-packages/starlette/middleware/errors.py", line 164, in __call__
    await self.app(scope, receive, _send)
  File "/home/jeevashri/gymflow-backend/.venv/lib/python3.12/site-packages/starlette/middleware/cors.py", line 88, in __call__
    await self.app(scope, receive, send)
  File "/home/jeevashri/gymflow-backend/.venv/lib/python3.12/site-packages/starlette/middleware/base.py", line 191, in __call__
    with recv_stream, send_stream, collapse_excgroups():
  File "/usr/lib/python3.12/contextlib.py", line 158, in __exit__
    self.gen.throw(value)
  File "/home/jeevashri/gymflow-backend/.venv/lib/python3.12/site-packages/starlette/_utils.py", line 87, in collapse_excgroups
    raise exc
  File "/home/jeevashri/gymflow-backend/.venv/lib/python3.12/site-packages/starlette/middleware/base.py", line 193, in __call__
    response = await self.dispatch_func(request, call_next)
               ^^^^^^^^^^^^^^^^^^^^^^^^^^^^^^^^^^^^^^^^^^^^
  File "/home/jeevashri/gymflow-backend/app/core/middleware.py", line 72, in dispatch
    response = await call_next(request)
               ^^^^^^^^^^^^^^^^^^^^^^^^
  File "/home/jeevashri/gymflow-backend/.venv/lib/python3.12/site-packages/starlette/middleware/base.py", line 168, in call_next
    raise app_exc from app_exc.__cause__ or app_exc.__context__
  File "/home/jeevashri/gymflow-backend/.venv/lib/python3.12/site-packages/starlette/middleware/base.py", line 144, in coro
    await self.app(scope, receive_or_disconnect, send_no_error)
  File "/home/jeevashri/gymflow-backend/.venv/lib/python3.12/site-packages/starlette/middleware/base.py", line 191, in __call__
    with recv_stream, send_stream, collapse_excgroups():
  File "/usr/lib/python3.12/contextlib.py", line 158, in __exit__
    self.gen.throw(value)
  File "/home/jeevashri/gymflow-backend/.venv/lib/python3.12/site-packages/starlette/_utils.py", line 87, in collapse_excgroups
    raise exc
  File "/home/jeevashri/gymflow-backend/.venv/lib/python3.12/site-packages/starlette/middleware/base.py", line 193, in __call__
    response = await self.dispatch_func(request, call_next)
               ^^^^^^^^^^^^^^^^^^^^^^^^^^^^^^^^^^^^^^^^^^^^
  File "/home/jeevashri/gymflow-backend/app/core/middleware.py", line 99, in dispatch
    response = await call_next(request)
               ^^^^^^^^^^^^^^^^^^^^^^^^
  File "/home/jeevashri/gymflow-backend/.venv/lib/python3.12/site-packages/starlette/middleware/base.py", line 168, in call_next
    raise app_exc from app_exc.__cause__ or app_exc.__context__
  File "/home/jeevashri/gymflow-backend/.venv/lib/python3.12/site-packages/starlette/middleware/base.py", line 144, in coro
    await self.app(scope, receive_or_disconnect, send_no_error)
  File "/home/jeevashri/gymflow-backend/.venv/lib/python3.12/site-packages/starlette/middleware/base.py", line 191, in __call__
    with recv_stream, send_stream, collapse_excgroups():
  File "/usr/lib/python3.12/contextlib.py", line 158, in __exit__
    self.gen.throw(value)
  File "/home/jeevashri/gymflow-backend/.venv/lib/python3.12/site-packages/starlette/_utils.py", line 87, in collapse_excgroups
    raise exc
  File "/home/jeevashri/gymflow-backend/.venv/lib/python3.12/site-packages/starlette/middleware/base.py", line 193, in __call__
    response = await self.dispatch_func(request, call_next)
               ^^^^^^^^^^^^^^^^^^^^^^^^^^^^^^^^^^^^^^^^^^^^
  File "/home/jeevashri/gymflow-backend/app/core/middleware.py", line 154, in dispatch
    response = await call_next(request)
               ^^^^^^^^^^^^^^^^^^^^^^^^
  File "/home/jeevashri/gymflow-backend/.venv/lib/python3.12/site-packages/starlette/middleware/base.py", line 168, in call_next
    raise app_exc from app_exc.__cause__ or app_exc.__context__
  File "/home/jeevashri/gymflow-backend/.venv/lib/python3.12/site-packages/starlette/middleware/base.py", line 144, in coro
    await self.app(scope, receive_or_disconnect, send_no_error)
  File "/home/jeevashri/gymflow-backend/.venv/lib/python3.12/site-packages/starlette/middleware/base.py", line 191, in __call__
    with recv_stream, send_stream, collapse_excgroups():
  File "/usr/lib/python3.12/contextlib.py", line 158, in __exit__
    self.gen.throw(value)
  File "/home/jeevashri/gymflow-backend/.venv/lib/python3.12/site-packages/starlette/_utils.py", line 87, in collapse_excgroups
    raise exc
  File "/home/jeevashri/gymflow-backend/.venv/lib/python3.12/site-packages/starlette/middleware/base.py", line 193, in __call__
    response = await self.dispatch_func(request, call_next)
               ^^^^^^^^^^^^^^^^^^^^^^^^^^^^^^^^^^^^^^^^^^^^
  File "/home/jeevashri/gymflow-backend/app/core/middleware.py", line 227, in dispatch
    return await call_next(request)
           ^^^^^^^^^^^^^^^^^^^^^^^^
  File "/home/jeevashri/gymflow-backend/.venv/lib/python3.12/site-packages/starlette/middleware/base.py", line 168, in call_next
    raise app_exc from app_exc.__cause__ or app_exc.__context__
  File "/home/jeevashri/gymflow-backend/.venv/lib/python3.12/site-packages/starlette/middleware/base.py", line 144, in coro
    await self.app(scope, receive_or_disconnect, send_no_error)
  File "/home/jeevashri/gymflow-backend/.venv/lib/python3.12/site-packages/starlette/middleware/base.py", line 191, in __call__
    with recv_stream, send_stream, collapse_excgroups():
  File "/usr/lib/python3.12/contextlib.py", line 158, in __exit__
    self.gen.throw(value)
  File "/home/jeevashri/gymflow-backend/.venv/lib/python3.12/site-packages/starlette/_utils.py", line 87, in collapse_excgroups
    raise exc
  File "/home/jeevashri/gymflow-backend/.venv/lib/python3.12/site-packages/starlette/middleware/base.py", line 193, in __call__
    response = await self.dispatch_func(request, call_next)
               ^^^^^^^^^^^^^^^^^^^^^^^^^^^^^^^^^^^^^^^^^^^^
  File "/home/jeevashri/gymflow-backend/app/core/middleware.py", line 311, in dispatch
    return await call_next(request)
           ^^^^^^^^^^^^^^^^^^^^^^^^
  File "/home/jeevashri/gymflow-backend/.venv/lib/python3.12/site-packages/starlette/middleware/base.py", line 168, in call_next
    raise app_exc from app_exc.__cause__ or app_exc.__context__
  File "/home/jeevashri/gymflow-backend/.venv/lib/python3.12/site-packages/starlette/middleware/base.py", line 144, in coro
    await self.app(scope, receive_or_disconnect, send_no_error)
  File "/home/jeevashri/gymflow-backend/.venv/lib/python3.12/site-packages/starlette/middleware/base.py", line 191, in __call__
    with recv_stream, send_stream, collapse_excgroups():
  File "/usr/lib/python3.12/contextlib.py", line 158, in __exit__
    self.gen.throw(value)
  File "/home/jeevashri/gymflow-backend/.venv/lib/python3.12/site-packages/starlette/_utils.py", line 87, in collapse_excgroups
    raise exc
  File "/home/jeevashri/gymflow-backend/.venv/lib/python3.12/site-packages/starlette/middleware/base.py", line 193, in __call__
    response = await self.dispatch_func(request, call_next)
               ^^^^^^^^^^^^^^^^^^^^^^^^^^^^^^^^^^^^^^^^^^^^
  File "/home/jeevashri/gymflow-backend/app/core/middleware.py", line 380, in dispatch
    return await call_next(request)
           ^^^^^^^^^^^^^^^^^^^^^^^^
  File "/home/jeevashri/gymflow-backend/.venv/lib/python3.12/site-packages/starlette/middleware/base.py", line 168, in call_next
    raise app_exc from app_exc.__cause__ or app_exc.__context__
  File "/home/jeevashri/gymflow-backend/.venv/lib/python3.12/site-packages/starlette/middleware/base.py", line 144, in coro
    await self.app(scope, receive_or_disconnect, send_no_error)
  File "/home/jeevashri/gymflow-backend/.venv/lib/python3.12/site-packages/starlette/middleware/base.py", line 191, in __call__
    with recv_stream, send_stream, collapse_excgroups():
  File "/usr/lib/python3.12/contextlib.py", line 158, in __exit__
    self.gen.throw(value)
  File "/home/jeevashri/gymflow-backend/.venv/lib/python3.12/site-packages/starlette/_utils.py", line 87, in collapse_excgroups
    raise exc
  File "/home/jeevashri/gymflow-backend/.venv/lib/python3.12/site-packages/starlette/middleware/base.py", line 193, in __call__
    response = await self.dispatch_func(request, call_next)
               ^^^^^^^^^^^^^^^^^^^^^^^^^^^^^^^^^^^^^^^^^^^^
  File "/home/jeevashri/gymflow-backend/app/core/middleware.py", line 326, in dispatch
    return await call_next(request)
           ^^^^^^^^^^^^^^^^^^^^^^^^
  File "/home/jeevashri/gymflow-backend/.venv/lib/python3.12/site-packages/starlette/middleware/base.py", line 168, in call_next
    raise app_exc from app_exc.__cause__ or app_exc.__context__
  File "/home/jeevashri/gymflow-backend/.venv/lib/python3.12/site-packages/starlette/middleware/base.py", line 144, in coro
    await self.app(scope, receive_or_disconnect, send_no_error)
  File "/home/jeevashri/gymflow-backend/.venv/lib/python3.12/site-packages/starlette/middleware/exceptions.py", line 63, in __call__
    await wrap_app_handling_exceptions(self.app, conn)(scope, receive, send)
  File "/home/jeevashri/gymflow-backend/.venv/lib/python3.12/site-packages/starlette/_exception_handler.py", line 53, in wrapped_app
    raise exc
  File "/home/jeevashri/gymflow-backend/.venv/lib/python3.12/site-packages/starlette/_exception_handler.py", line 42, in wrapped_app
    await app(scope, receive, sender)
  File "/home/jeevashri/gymflow-backend/.venv/lib/python3.12/site-packages/fastapi/middleware/asyncexitstack.py", line 18, in __call__
    await self.app(scope, receive, send)
  File "/home/jeevashri/gymflow-backend/.venv/lib/python3.12/site-packages/starlette/routing.py", line 660, in __call__
    await self.middleware_stack(scope, receive, send)
  File "/home/jeevashri/gymflow-backend/.venv/lib/python3.12/site-packages/starlette/routing.py", line 680, in app
    await route.handle(scope, receive, send)
  File "/home/jeevashri/gymflow-backend/.venv/lib/python3.12/site-packages/starlette/routing.py", line 276, in handle
    await self.app(scope, receive, send)
  File "/home/jeevashri/gymflow-backend/.venv/lib/python3.12/site-packages/fastapi/routing.py", line 134, in app
    await wrap_app_handling_exceptions(app, request)(scope, receive, send)
  File "/home/jeevashri/gymflow-backend/.venv/lib/python3.12/site-packages/starlette/_exception_handler.py", line 53, in wrapped_app
    raise exc
  File "/home/jeevashri/gymflow-backend/.venv/lib/python3.12/site-packages/starlette/_exception_handler.py", line 42, in wrapped_app
    await app(scope, receive, sender)
  File "/home/jeevashri/gymflow-backend/.venv/lib/python3.12/site-packages/fastapi/routing.py", line 120, in app
    response = await f(request)
               ^^^^^^^^^^^^^^^^
  File "/home/jeevashri/gymflow-backend/.venv/lib/python3.12/site-packages/fastapi/routing.py", line 674, in app
    raw_response = await run_endpoint_function(
                   ^^^^^^^^^^^^^^^^^^^^^^^^^^^^
  File "/home/jeevashri/gymflow-backend/.venv/lib/python3.12/site-packages/fastapi/routing.py", line 328, in run_endpoint_function
    return await dependant.call(**values)
           ^^^^^^^^^^^^^^^^^^^^^^^^^^^^^^
  File "/home/jeevashri/gymflow-backend/app/routers/auth.py", line 40, in signup
    result = await service.signup(data, client_ip)
             ^^^^^^^^^^^^^^^^^^^^^^^^^^^^^^^^^^^^^
  File "/home/jeevashri/gymflow-backend/app/services/auth_service.py", line 45, in signup
    result = await self.session.execute(q)
             ^^^^^^^^^^^^^^^^^^^^^^^^^^^^^
  File "/home/jeevashri/gymflow-backend/.venv/lib/python3.12/site-packages/sqlalchemy/ext/asyncio/session.py", line 449, in execute
    result = await greenlet_spawn(
             ^^^^^^^^^^^^^^^^^^^^^
  File "/home/jeevashri/gymflow-backend/.venv/lib/python3.12/site-packages/sqlalchemy/util/_concurrency_py3k.py", line 203, in greenlet_spawn
    result = context.switch(value)
             ^^^^^^^^^^^^^^^^^^^^^
  File "/home/jeevashri/gymflow-backend/.venv/lib/python3.12/site-packages/sqlalchemy/orm/session.py", line 2351, in execute
    return self._execute_internal(
           ^^^^^^^^^^^^^^^^^^^^^^^
  File "/home/jeevashri/gymflow-backend/.venv/lib/python3.12/site-packages/sqlalchemy/orm/session.py", line 2249, in _execute_internal
    result: Result[Any] = compile_state_cls.orm_execute_statement(
                          ^^^^^^^^^^^^^^^^^^^^^^^^^^^^^^^^^^^^^^^^
  File "/home/jeevashri/gymflow-backend/.venv/lib/python3.12/site-packages/sqlalchemy/orm/context.py", line 306, in orm_execute_statement
    result = conn.execute(
             ^^^^^^^^^^^^^
  File "/home/jeevashri/gymflow-backend/.venv/lib/python3.12/site-packages/sqlalchemy/engine/base.py", line 1419, in execute
    return meth(
           ^^^^^
  File "/home/jeevashri/gymflow-backend/.venv/lib/python3.12/site-packages/sqlalchemy/sql/elements.py", line 527, in _execute_on_connection
    return connection._execute_clauseelement(
           ^^^^^^^^^^^^^^^^^^^^^^^^^^^^^^^^^^
  File "/home/jeevashri/gymflow-backend/.venv/lib/python3.12/site-packages/sqlalchemy/engine/base.py", line 1633, in _execute_clauseelement
    compiled_sql, extracted_params, cache_hit = elem._compile_w_cache(
                                                ^^^^^^^^^^^^^^^^^^^^^^
  File "/home/jeevashri/gymflow-backend/.venv/lib/python3.12/site-packages/sqlalchemy/sql/elements.py", line 716, in _compile_w_cache
    compiled_sql = self._compiler(
                   ^^^^^^^^^^^^^^^
  File "/home/jeevashri/gymflow-backend/.venv/lib/python3.12/site-packages/sqlalchemy/sql/elements.py", line 324, in _compiler
    return dialect.statement_compiler(dialect, self, **kw)
           ^^^^^^^^^^^^^^^^^^^^^^^^^^^^^^^^^^^^^^^^^^^^^^^
  File "/home/jeevashri/gymflow-backend/.venv/lib/python3.12/site-packages/sqlalchemy/sql/compiler.py", line 1461, in __init__
    Compiled.__init__(self, dialect, statement, **kwargs)
  File "/home/jeevashri/gymflow-backend/.venv/lib/python3.12/site-packages/sqlalchemy/sql/compiler.py", line 901, in __init__
    self.string = self.process(self.statement, **compile_kwargs)
                  ^^^^^^^^^^^^^^^^^^^^^^^^^^^^^^^^^^^^^^^^^^^^^^
  File "/home/jeevashri/gymflow-backend/.venv/lib/python3.12/site-packages/sqlalchemy/sql/compiler.py", line 947, in process
    return obj._compiler_dispatch(self, **kwargs)
           ^^^^^^^^^^^^^^^^^^^^^^^^^^^^^^^^^^^^^^
  File "/home/jeevashri/gymflow-backend/.venv/lib/python3.12/site-packages/sqlalchemy/sql/visitors.py", line 138, in _compiler_dispatch
    return meth(self, **kw)  # type: ignore  # noqa: E501
           ^^^^^^^^^^^^^^^^
  File "/home/jeevashri/gymflow-backend/.venv/lib/python3.12/site-packages/sqlalchemy/sql/compiler.py", line 4809, in visit_select
    compile_state = select_stmt._compile_state_factory(
                    ^^^^^^^^^^^^^^^^^^^^^^^^^^^^^^^^^^^
  File "/home/jeevashri/gymflow-backend/.venv/lib/python3.12/site-packages/sqlalchemy/sql/base.py", line 775, in create_for_statement
    return klass.create_for_statement(statement, compiler, **kw)
           ^^^^^^^^^^^^^^^^^^^^^^^^^^^^^^^^^^^^^^^^^^^^^^^^^^^^^
  File "/home/jeevashri/gymflow-backend/.venv/lib/python3.12/site-packages/sqlalchemy/orm/context.py", line 447, in create_for_statement
    return cls._create_orm_context(
           ^^^^^^^^^^^^^^^^^^^^^^^^
  File "/home/jeevashri/gymflow-backend/.venv/lib/python3.12/site-packages/sqlalchemy/orm/context.py", line 1175, in _create_orm_context
    _QueryEntity.to_compile_state(
  File "/home/jeevashri/gymflow-backend/.venv/lib/python3.12/site-packages/sqlalchemy/orm/context.py", line 2628, in to_compile_state
    _MapperEntity(
  File "/home/jeevashri/gymflow-backend/.venv/lib/python3.12/site-packages/sqlalchemy/orm/context.py", line 2708, in __init__
    entity._post_inspect
  File "/home/jeevashri/gymflow-backend/.venv/lib/python3.12/site-packages/sqlalchemy/util/langhelpers.py", line 1235, in __get__
    obj.__dict__[self.__name__] = result = self.fget(obj)
                                           ^^^^^^^^^^^^^^
  File "/home/jeevashri/gymflow-backend/.venv/lib/python3.12/site-packages/sqlalchemy/orm/mapper.py", line 2733, in _post_inspect
    self._check_configure()
  File "/home/jeevashri/gymflow-backend/.venv/lib/python3.12/site-packages/sqlalchemy/orm/mapper.py", line 2410, in _check_configure
    _configure_registries({self.registry}, cascade=True)
  File "/home/jeevashri/gymflow-backend/.venv/lib/python3.12/site-packages/sqlalchemy/orm/mapper.py", line 4227, in _configure_registries
    _do_configure_registries(registries, cascade)
  File "/home/jeevashri/gymflow-backend/.venv/lib/python3.12/site-packages/sqlalchemy/orm/mapper.py", line 4268, in _do_configure_registries
    mapper._post_configure_properties()
  File "/home/jeevashri/gymflow-backend/.venv/lib/python3.12/site-packages/sqlalchemy/orm/mapper.py", line 2427, in _post_configure_properties
    prop.init()
  File "/home/jeevashri/gymflow-backend/.venv/lib/python3.12/site-packages/sqlalchemy/orm/interfaces.py", line 595, in init
    self.do_init()
  File "/home/jeevashri/gymflow-backend/.venv/lib/python3.12/site-packages/sqlalchemy/orm/relationships.py", line 1657, in do_init
    self._setup_join_conditions()
  File "/home/jeevashri/gymflow-backend/.venv/lib/python3.12/site-packages/sqlalchemy/orm/relationships.py", line 1895, in _setup_join_conditions
    self._join_condition = jc = JoinCondition(
                                ^^^^^^^^^^^^^^
  File "/home/jeevashri/gymflow-backend/.venv/lib/python3.12/site-packages/sqlalchemy/orm/relationships.py", line 2321, in __init__
    self._determine_joins()
  File "/home/jeevashri/gymflow-backend/.venv/lib/python3.12/site-packages/sqlalchemy/orm/relationships.py", line 2455, in _determine_joins
    raise sa_exc.NoForeignKeysError(
sqlalchemy.exc.NoForeignKeysError: Could not determine join condition between parent/child tables on relationship Subdivision.cities - there are no foreign keys linking these tables.  Ensure that referencing columns are associated with a ForeignKey or ForeignKeyConstraint, or specify a 'primaryjoin' expression.
