INFO  [alembic.runtime.migration] Context impl PostgresqlImpl.
INFO  [alembic.runtime.migration] Will assume transactional DDL.
INFO  [alembic.runtime.migration] Running upgrade 0009_view_security_invoker -> 00f277c748ea, add_hyperscale_branch_name_and_address_architecture
Traceback (most recent call last):
  File "/home/jeevashri/gymflow-backend/.venv/lib/python3.12/site-packages/sqlalchemy/dialects/postgresql/asyncpg.py", line 526, in _prepare_and_execute
    prepared_stmt, attributes = await adapt_connection._prepare(
                                ^^^^^^^^^^^^^^^^^^^^^^^^^^^^^^^^
  File "/home/jeevashri/gymflow-backend/.venv/lib/python3.12/site-packages/sqlalchemy/dialects/postgresql/asyncpg.py", line 773, in _prepare
    prepared_stmt = await self._connection.prepare(
                    ^^^^^^^^^^^^^^^^^^^^^^^^^^^^^^^
  File "/home/jeevashri/gymflow-backend/.venv/lib/python3.12/site-packages/asyncpg/connection.py", line 638, in prepare
    return await self._prepare(
           ^^^^^^^^^^^^^^^^^^^^
  File "/home/jeevashri/gymflow-backend/.venv/lib/python3.12/site-packages/asyncpg/connection.py", line 657, in _prepare
    stmt = await self._get_statement(
           ^^^^^^^^^^^^^^^^^^^^^^^^^^
  File "/home/jeevashri/gymflow-backend/.venv/lib/python3.12/site-packages/asyncpg/connection.py", line 443, in _get_statement
    statement = await self._protocol.prepare(
                ^^^^^^^^^^^^^^^^^^^^^^^^^^^^^
  File "asyncpg/protocol/protocol.pyx", line 165, in prepare
asyncpg.exceptions.InFailedSQLTransactionError: current transaction is aborted, commands ignored until end of transaction block

The above exception was the direct cause of the following exception:

Traceback (most recent call last):
  File "/home/jeevashri/gymflow-backend/.venv/lib/python3.12/site-packages/sqlalchemy/engine/base.py", line 1967, in _exec_single_context
    self.dialect.do_execute(
  File "/home/jeevashri/gymflow-backend/.venv/lib/python3.12/site-packages/sqlalchemy/engine/default.py", line 952, in do_execute
    cursor.execute(statement, parameters)
  File "/home/jeevashri/gymflow-backend/.venv/lib/python3.12/site-packages/sqlalchemy/dialects/postgresql/asyncpg.py", line 585, in execute
    self._adapt_connection.await_(
  File "/home/jeevashri/gymflow-backend/.venv/lib/python3.12/site-packages/sqlalchemy/util/_concurrency_py3k.py", line 132, in await_only
    return current.parent.switch(awaitable)  # type: ignore[no-any-return,attr-defined] # noqa: E501
           ^^^^^^^^^^^^^^^^^^^^^^^^^^^^^^^^
  File "/home/jeevashri/gymflow-backend/.venv/lib/python3.12/site-packages/sqlalchemy/util/_concurrency_py3k.py", line 196, in greenlet_spawn
    value = await result
            ^^^^^^^^^^^^
  File "/home/jeevashri/gymflow-backend/.venv/lib/python3.12/site-packages/sqlalchemy/dialects/postgresql/asyncpg.py", line 563, in _prepare_and_execute
    self._handle_exception(error)
  File "/home/jeevashri/gymflow-backend/.venv/lib/python3.12/site-packages/sqlalchemy/dialects/postgresql/asyncpg.py", line 513, in _handle_exception
    self._adapt_connection._handle_exception(error)
  File "/home/jeevashri/gymflow-backend/.venv/lib/python3.12/site-packages/sqlalchemy/dialects/postgresql/asyncpg.py", line 797, in _handle_exception
    raise translated_error from error
sqlalchemy.dialects.postgresql.asyncpg.AsyncAdapt_asyncpg_dbapi.Error: <class 'asyncpg.exceptions.InFailedSQLTransactionError'>: current transaction is aborted, commands ignored until end of transaction block

The above exception was the direct cause of the following exception:

Traceback (most recent call last):
  File "/home/jeevashri/gymflow-backend/.venv/bin/alembic", line 6, in <module>
    sys.exit(main())
             ^^^^^^
  File "/home/jeevashri/gymflow-backend/.venv/lib/python3.12/site-packages/alembic/config.py", line 1047, in main
    CommandLine(prog=prog).main(argv=argv)
  File "/home/jeevashri/gymflow-backend/.venv/lib/python3.12/site-packages/alembic/config.py", line 1037, in main
    self.run_cmd(cfg, options)
  File "/home/jeevashri/gymflow-backend/.venv/lib/python3.12/site-packages/alembic/config.py", line 971, in run_cmd
    fn(
  File "/home/jeevashri/gymflow-backend/.venv/lib/python3.12/site-packages/alembic/command.py", line 483, in upgrade
    script.run_env()
  File "/home/jeevashri/gymflow-backend/.venv/lib/python3.12/site-packages/alembic/script/base.py", line 545, in run_env
    util.load_python_file(self.dir, "env.py")
  File "/home/jeevashri/gymflow-backend/.venv/lib/python3.12/site-packages/alembic/util/pyfiles.py", line 116, in load_python_file
    module = load_module_py(module_id, path)
             ^^^^^^^^^^^^^^^^^^^^^^^^^^^^^^^
  File "/home/jeevashri/gymflow-backend/.venv/lib/python3.12/site-packages/alembic/util/pyfiles.py", line 136, in load_module_py
    spec.loader.exec_module(module)  # type: ignore
    ^^^^^^^^^^^^^^^^^^^^^^^^^^^^^^^
  File "<frozen importlib._bootstrap_external>", line 995, in exec_module
  File "<frozen importlib._bootstrap>", line 488, in _call_with_frames_removed
  File "/home/jeevashri/gymflow-backend/alembic/env.py", line 121, in <module>
    run_migrations_online()
  File "/home/jeevashri/gymflow-backend/alembic/env.py", line 115, in run_migrations_online
    asyncio.run(run_async_migrations())
  File "/usr/lib/python3.12/asyncio/runners.py", line 194, in run
    return runner.run(main)
           ^^^^^^^^^^^^^^^^
  File "/usr/lib/python3.12/asyncio/runners.py", line 118, in run
    return self._loop.run_until_complete(task)
           ^^^^^^^^^^^^^^^^^^^^^^^^^^^^^^^^^^^
  File "/usr/lib/python3.12/asyncio/base_events.py", line 687, in run_until_complete
    return future.result()
           ^^^^^^^^^^^^^^^
  File "/home/jeevashri/gymflow-backend/alembic/env.py", line 108, in run_async_migrations
    await connection.run_sync(do_run_migrations)
  File "/home/jeevashri/gymflow-backend/.venv/lib/python3.12/site-packages/sqlalchemy/ext/asyncio/engine.py", line 888, in run_sync
    return await greenlet_spawn(
           ^^^^^^^^^^^^^^^^^^^^^
  File "/home/jeevashri/gymflow-backend/.venv/lib/python3.12/site-packages/sqlalchemy/util/_concurrency_py3k.py", line 203, in greenlet_spawn
    result = context.switch(value)
             ^^^^^^^^^^^^^^^^^^^^^
  File "/home/jeevashri/gymflow-backend/alembic/env.py", line 96, in do_run_migrations
    context.run_migrations()
  File "<string>", line 8, in run_migrations
  File "/home/jeevashri/gymflow-backend/.venv/lib/python3.12/site-packages/alembic/runtime/environment.py", line 969, in run_migrations
    self.get_context().run_migrations(**kw)
  File "/home/jeevashri/gymflow-backend/.venv/lib/python3.12/site-packages/alembic/runtime/migration.py", line 626, in run_migrations
    step.migration_fn(**kw)
  File "/home/jeevashri/gymflow-backend/alembic/versions/00f277c748ea_add_hyperscale_branch_name_and_address_.py", line 153, in upgrade
    op.alter_column('member_addresses', 'address_type',
  File "<string>", line 8, in alter_column
  File "<string>", line 3, in alter_column
  File "/home/jeevashri/gymflow-backend/.venv/lib/python3.12/site-packages/alembic/operations/ops.py", line 1974, in alter_column
    return operations.invoke(alt)
           ^^^^^^^^^^^^^^^^^^^^^^
  File "/home/jeevashri/gymflow-backend/.venv/lib/python3.12/site-packages/alembic/operations/base.py", line 452, in invoke
    return fn(self, operation)
           ^^^^^^^^^^^^^^^^^^^
  File "/home/jeevashri/gymflow-backend/.venv/lib/python3.12/site-packages/alembic/operations/toimpl.py", line 58, in alter_column
    operations.impl.alter_column(
  File "/home/jeevashri/gymflow-backend/.venv/lib/python3.12/site-packages/alembic/ddl/postgresql.py", line 189, in alter_column
    self._exec(
  File "/home/jeevashri/gymflow-backend/.venv/lib/python3.12/site-packages/alembic/ddl/impl.py", line 256, in _exec
    return conn.execute(construct, params)
           ^^^^^^^^^^^^^^^^^^^^^^^^^^^^^^^
  File "/home/jeevashri/gymflow-backend/.venv/lib/python3.12/site-packages/sqlalchemy/engine/base.py", line 1419, in execute
    return meth(
           ^^^^^
  File "/home/jeevashri/gymflow-backend/.venv/lib/python3.12/site-packages/sqlalchemy/sql/ddl.py", line 187, in _execute_on_connection
    return connection._execute_ddl(
           ^^^^^^^^^^^^^^^^^^^^^^^^
  File "/home/jeevashri/gymflow-backend/.venv/lib/python3.12/site-packages/sqlalchemy/engine/base.py", line 1530, in _execute_ddl
    ret = self._execute_context(
          ^^^^^^^^^^^^^^^^^^^^^^
  File "/home/jeevashri/gymflow-backend/.venv/lib/python3.12/site-packages/sqlalchemy/engine/base.py", line 1846, in _execute_context
    return self._exec_single_context(
           ^^^^^^^^^^^^^^^^^^^^^^^^^^
  File "/home/jeevashri/gymflow-backend/.venv/lib/python3.12/site-packages/sqlalchemy/engine/base.py", line 1986, in _exec_single_context
    self._handle_dbapi_exception(
  File "/home/jeevashri/gymflow-backend/.venv/lib/python3.12/site-packages/sqlalchemy/engine/base.py", line 2363, in _handle_dbapi_exception
    raise sqlalchemy_exception.with_traceback(exc_info[2]) from e
  File "/home/jeevashri/gymflow-backend/.venv/lib/python3.12/site-packages/sqlalchemy/engine/base.py", line 1967, in _exec_single_context
    self.dialect.do_execute(
  File "/home/jeevashri/gymflow-backend/.venv/lib/python3.12/site-packages/sqlalchemy/engine/default.py", line 952, in do_execute
    cursor.execute(statement, parameters)
  File "/home/jeevashri/gymflow-backend/.venv/lib/python3.12/site-packages/sqlalchemy/dialects/postgresql/asyncpg.py", line 585, in execute
    self._adapt_connection.await_(
  File "/home/jeevashri/gymflow-backend/.venv/lib/python3.12/site-packages/sqlalchemy/util/_concurrency_py3k.py", line 132, in await_only
    return current.parent.switch(awaitable)  # type: ignore[no-any-return,attr-defined] # noqa: E501
           ^^^^^^^^^^^^^^^^^^^^^^^^^^^^^^^^
  File "/home/jeevashri/gymflow-backend/.venv/lib/python3.12/site-packages/sqlalchemy/util/_concurrency_py3k.py", line 196, in greenlet_spawn
    value = await result
            ^^^^^^^^^^^^
  File "/home/jeevashri/gymflow-backend/.venv/lib/python3.12/site-packages/sqlalchemy/dialects/postgresql/asyncpg.py", line 563, in _prepare_and_execute
    self._handle_exception(error)
  File "/home/jeevashri/gymflow-backend/.venv/lib/python3.12/site-packages/sqlalchemy/dialects/postgresql/asyncpg.py", line 513, in _handle_exception
    self._adapt_connection._handle_exception(error)
  File "/home/jeevashri/gymflow-backend/.venv/lib/python3.12/site-packages/sqlalchemy/dialects/postgresql/asyncpg.py", line 797, in _handle_exception
    raise translated_error from error
sqlalchemy.exc.DBAPIError: (sqlalchemy.dialects.postgresql.asyncpg.Error) <class 'asyncpg.exceptions.InFailedSQLTransactionError'>: current transaction is aborted, commands ignored until end of transaction block
[SQL: ALTER TABLE member_addresses ALTER COLUMN address_type TYPE VARCHAR(11) ]
(Background on this error at: https://sqlalche.me/e/20/dbapi)
