============================= test session starts ==============================
platform linux -- Python 3.12.3, pytest-9.0.3, pluggy-1.6.0
rootdir: /home/jeevashri/gymflow-backend
configfile: pytest.ini
plugins: anyio-4.13.0, asyncio-1.3.0
asyncio: mode=Mode.AUTO, debug=False, asyncio_default_fixture_loop_scope=None, asyncio_default_test_loop_scope=function
collected 1 item

tests/test_staff_roles.py EE                                             [100%]

==================================== ERRORS ====================================
_____________ ERROR at setup of test_branch_staff_role_assignment ______________

self = <sqlalchemy.dialects.postgresql.asyncpg.AsyncAdapt_asyncpg_cursor object at 0x74d75cb35f00>
operation = 'INSERT INTO owners (id, org_id, owner_name, email, hashed_password, email_verified, email_verified_at, onboarding_com...7::TIMESTAMP WITH TIME ZONE, $8::BOOLEAN, $9::TIMESTAMP WITH TIME ZONE) RETURNING owners.created_at, owners.updated_at'
parameters = (UUID('3a63b5bd-b8a0-4a04-ac19-e6619780fdb6'), UUID('ca777bdd-e058-4862-bcbb-0fb158845097'), 'Org Owner', 'owner_roles@test.com', 'hash', True, ...)

    async def _prepare_and_execute(self, operation, parameters):
        adapt_connection = self._adapt_connection
    
        async with adapt_connection._execute_mutex:
            if not adapt_connection._started:
                await adapt_connection._start_transaction()
    
            if parameters is None:
                parameters = ()
    
            try:
                prepared_stmt, attributes = await adapt_connection._prepare(
                    operation, self._invalidate_schema_cache_asof
                )
    
                if attributes:
                    self.description = [
                        (
                            attr.name,
                            attr.type.oid,
                            None,
                            None,
                            None,
                            None,
                            None,
                        )
                        for attr in attributes
                    ]
                else:
                    self.description = None
    
                if self.server_side:
                    self._cursor = await prepared_stmt.cursor(*parameters)
                    self.rowcount = -1
                else:
>                   self._rows = deque(await prepared_stmt.fetch(*parameters))
                                       ^^^^^^^^^^^^^^^^^^^^^^^^^^^^^^^^^^^^^^

.venv/lib/python3.12/site-packages/sqlalchemy/dialects/postgresql/asyncpg.py:550: 
_ _ _ _ _ _ _ _ _ _ _ _ _ _ _ _ _ _ _ _ _ _ _ _ _ _ _ _ _ _ _ _ _ _ _ _ _ _ _ _ 
.venv/lib/python3.12/site-packages/asyncpg/prepared_stmt.py:177: in fetch
    data = await self.__bind_execute(args, 0, timeout)
           ^^^^^^^^^^^^^^^^^^^^^^^^^^^^^^^^^^^^^^^^^^^
.venv/lib/python3.12/site-packages/asyncpg/prepared_stmt.py:268: in __bind_execute
    data, status, _ = await self.__do_execute(
.venv/lib/python3.12/site-packages/asyncpg/prepared_stmt.py:257: in __do_execute
    return await executor(protocol)
           ^^^^^^^^^^^^^^^^^^^^^^^^
_ _ _ _ _ _ _ _ _ _ _ _ _ _ _ _ _ _ _ _ _ _ _ _ _ _ _ _ _ _ _ _ _ _ _ _ _ _ _ _ 

>   ???
E   asyncpg.exceptions.UniqueViolationError: duplicate key value violates unique constraint "ix_owners_email"
E   DETAIL:  Key (email)=(owner_roles@test.com) already exists.

asyncpg/protocol/protocol.pyx:205: UniqueViolationError

The above exception was the direct cause of the following exception:

self = <sqlalchemy.engine.base.Connection object at 0x74d75caefef0>
dialect = <sqlalchemy.dialects.postgresql.asyncpg.PGDialect_asyncpg object at 0x74d763f9d190>
context = <sqlalchemy.dialects.postgresql.asyncpg.PGExecutionContext_asyncpg object at 0x74d75cb4e660>
statement = <sqlalchemy.dialects.postgresql.asyncpg.PGCompiler_asyncpg object at 0x74d75cb4e690>
parameters = [(UUID('3a63b5bd-b8a0-4a04-ac19-e6619780fdb6'), UUID('ca777bdd-e058-4862-bcbb-0fb158845097'), 'Org Owner', 'owner_roles@test.com', 'hash', True, ...)]

    def _exec_single_context(
        self,
        dialect: Dialect,
        context: ExecutionContext,
        statement: Union[str, Compiled],
        parameters: Optional[_AnyMultiExecuteParams],
    ) -> CursorResult[Any]:
        """continue the _execute_context() method for a single DBAPI
        cursor.execute() or cursor.executemany() call.
    
        """
        if dialect.bind_typing is BindTyping.SETINPUTSIZES:
            generic_setinputsizes = context._prepare_set_input_sizes()
    
            if generic_setinputsizes:
                try:
                    dialect.do_set_input_sizes(
                        context.cursor, generic_setinputsizes, context
                    )
                except BaseException as e:
                    self._handle_dbapi_exception(
                        e, str(statement), parameters, None, context
                    )
    
        cursor, str_statement, parameters = (
            context.cursor,
            context.statement,
            context.parameters,
        )
    
        effective_parameters: Optional[_AnyExecuteParams]
    
        if not context.executemany:
            effective_parameters = parameters[0]
        else:
            effective_parameters = parameters
    
        if self._has_events or self.engine._has_events:
            for fn in self.dispatch.before_cursor_execute:
                str_statement, effective_parameters = fn(
                    self,
                    cursor,
                    str_statement,
                    effective_parameters,
                    context,
                    context.executemany,
                )
    
        if self._echo:
            self._log_info(str_statement)
    
            stats = context._get_cache_stats()
    
            if not self.engine.hide_parameters:
                self._log_info(
                    "[%s] %r",
                    stats,
                    sql_util._repr_params(
                        effective_parameters,
                        batches=10,
                        ismulti=context.executemany,
                    ),
                )
            else:
                self._log_info(
                    "[%s] [SQL parameters hidden due to hide_parameters=True]",
                    stats,
                )
    
        evt_handled: bool = False
        try:
            if context.execute_style is ExecuteStyle.EXECUTEMANY:
                effective_parameters = cast(
                    "_CoreMultiExecuteParams", effective_parameters
                )
                if self.dialect._has_events:
                    for fn in self.dialect.dispatch.do_executemany:
                        if fn(
                            cursor,
                            str_statement,
                            effective_parameters,
                            context,
                        ):
                            evt_handled = True
                            break
                if not evt_handled:
                    self.dialect.do_executemany(
                        cursor,
                        str_statement,
                        effective_parameters,
                        context,
                    )
            elif not effective_parameters and context.no_parameters:
                if self.dialect._has_events:
                    for fn in self.dialect.dispatch.do_execute_no_params:
                        if fn(cursor, str_statement, context):
                            evt_handled = True
                            break
                if not evt_handled:
                    self.dialect.do_execute_no_params(
                        cursor, str_statement, context
                    )
            else:
                effective_parameters = cast(
                    "_CoreSingleExecuteParams", effective_parameters
                )
                if self.dialect._has_events:
                    for fn in self.dialect.dispatch.do_execute:
                        if fn(
                            cursor,
                            str_statement,
                            effective_parameters,
                            context,
                        ):
                            evt_handled = True
                            break
                if not evt_handled:
>                   self.dialect.do_execute(
                        cursor, str_statement, effective_parameters, context
                    )

.venv/lib/python3.12/site-packages/sqlalchemy/engine/base.py:1967: 
_ _ _ _ _ _ _ _ _ _ _ _ _ _ _ _ _ _ _ _ _ _ _ _ _ _ _ _ _ _ _ _ _ _ _ _ _ _ _ _ 
.venv/lib/python3.12/site-packages/sqlalchemy/engine/default.py:952: in do_execute
    cursor.execute(statement, parameters)
.venv/lib/python3.12/site-packages/sqlalchemy/dialects/postgresql/asyncpg.py:585: in execute
    self._adapt_connection.await_(
.venv/lib/python3.12/site-packages/sqlalchemy/util/_concurrency_py3k.py:132: in await_only
    return current.parent.switch(awaitable)  # type: ignore[no-any-return,attr-defined] # noqa: E501
           ^^^^^^^^^^^^^^^^^^^^^^^^^^^^^^^^
.venv/lib/python3.12/site-packages/sqlalchemy/util/_concurrency_py3k.py:196: in greenlet_spawn
    value = await result
            ^^^^^^^^^^^^
.venv/lib/python3.12/site-packages/sqlalchemy/dialects/postgresql/asyncpg.py:563: in _prepare_and_execute
    self._handle_exception(error)
.venv/lib/python3.12/site-packages/sqlalchemy/dialects/postgresql/asyncpg.py:513: in _handle_exception
    self._adapt_connection._handle_exception(error)
_ _ _ _ _ _ _ _ _ _ _ _ _ _ _ _ _ _ _ _ _ _ _ _ _ _ _ _ _ _ _ _ _ _ _ _ _ _ _ _ 

self = <AdaptedConnection <asyncpg.connection.Connection object at 0x74d75ccd73e0>>
error = UniqueViolationError('duplicate key value violates unique constraint "ix_owners_email"')

    def _handle_exception(self, error):
        if self._connection.is_closed():
            self._transaction = None
            self._started = False
    
        if not isinstance(error, AsyncAdapt_asyncpg_dbapi.Error):
            exception_mapping = self.dbapi._asyncpg_error_translate
    
            for super_ in type(error).__mro__:
                if super_ in exception_mapping:
                    translated_error = exception_mapping[super_](
                        "%s: %s" % (type(error), error)
                    )
                    translated_error.pgcode = translated_error.sqlstate = (
                        getattr(error, "sqlstate", None)
                    )
>                   raise translated_error from error
E                   sqlalchemy.dialects.postgresql.asyncpg.AsyncAdapt_asyncpg_dbapi.IntegrityError: <class 'asyncpg.exceptions.UniqueViolationError'>: duplicate key value violates unique constraint "ix_owners_email"
E                   DETAIL:  Key (email)=(owner_roles@test.com) already exists.

.venv/lib/python3.12/site-packages/sqlalchemy/dialects/postgresql/asyncpg.py:797: IntegrityError

The above exception was the direct cause of the following exception:

    @pytest_asyncio.fixture
    async def test_data():
        async with AsyncSessionLocal() as session:
            # Reset role to superuser and grant permissions
            await session.execute(text("RESET ROLE"))
            await session.execute(text("GRANT SELECT, INSERT, UPDATE, DELETE ON public.branch_audit_log TO app_rls_executor;"))
            await session.execute(text("GRANT SELECT, INSERT, UPDATE, DELETE ON public.branch_audit_log_y2026_m05 TO app_rls_executor;"))
            await session.commit()
    
        async with AsyncSessionLocal() as session:
            # 1. Create Organization
            org_id = uuid.uuid4()
            org = Organization(id=org_id, name="Staff Roles Test Org", max_branches=5)
            session.add(org)
            await session.flush()
    
            # 2. Create Owner (admin)
            owner_id = uuid.uuid4()
            owner = Owner(
                id=owner_id,
                org_id=org_id,
                owner_name="Org Owner",
                email="owner_roles@test.com",
                hashed_password="hash",
                email_verified=True
            )
            session.add(owner)
>           await session.flush()

tests/test_staff_roles.py:75: 
_ _ _ _ _ _ _ _ _ _ _ _ _ _ _ _ _ _ _ _ _ _ _ _ _ _ _ _ _ _ _ _ _ _ _ _ _ _ _ _ 
.venv/lib/python3.12/site-packages/sqlalchemy/ext/asyncio/session.py:787: in flush
    await greenlet_spawn(self.sync_session.flush, objects=objects)
.venv/lib/python3.12/site-packages/sqlalchemy/util/_concurrency_py3k.py:203: in greenlet_spawn
    result = context.switch(value)
             ^^^^^^^^^^^^^^^^^^^^^
.venv/lib/python3.12/site-packages/sqlalchemy/orm/session.py:4331: in flush
    self._flush(objects)
.venv/lib/python3.12/site-packages/sqlalchemy/orm/session.py:4466: in _flush
    with util.safe_reraise():
.venv/lib/python3.12/site-packages/sqlalchemy/util/langhelpers.py:121: in __exit__
    raise exc_value.with_traceback(exc_tb)
.venv/lib/python3.12/site-packages/sqlalchemy/orm/session.py:4427: in _flush
    flush_context.execute()
.venv/lib/python3.12/site-packages/sqlalchemy/orm/unitofwork.py:466: in execute
    rec.execute(self)
.venv/lib/python3.12/site-packages/sqlalchemy/orm/unitofwork.py:642: in execute
    util.preloaded.orm_persistence.save_obj(
.venv/lib/python3.12/site-packages/sqlalchemy/orm/persistence.py:93: in save_obj
    _emit_insert_statements(
.venv/lib/python3.12/site-packages/sqlalchemy/orm/persistence.py:1233: in _emit_insert_statements
    result = connection.execute(
.venv/lib/python3.12/site-packages/sqlalchemy/engine/base.py:1419: in execute
    return meth(
.venv/lib/python3.12/site-packages/sqlalchemy/sql/elements.py:527: in _execute_on_connection
    return connection._execute_clauseelement(
.venv/lib/python3.12/site-packages/sqlalchemy/engine/base.py:1641: in _execute_clauseelement
    ret = self._execute_context(
.venv/lib/python3.12/site-packages/sqlalchemy/engine/base.py:1846: in _execute_context
    return self._exec_single_context(
.venv/lib/python3.12/site-packages/sqlalchemy/engine/base.py:1986: in _exec_single_context
    self._handle_dbapi_exception(
.venv/lib/python3.12/site-packages/sqlalchemy/engine/base.py:2363: in _handle_dbapi_exception
    raise sqlalchemy_exception.with_traceback(exc_info[2]) from e
.venv/lib/python3.12/site-packages/sqlalchemy/engine/base.py:1967: in _exec_single_context
    self.dialect.do_execute(
.venv/lib/python3.12/site-packages/sqlalchemy/engine/default.py:952: in do_execute
    cursor.execute(statement, parameters)
.venv/lib/python3.12/site-packages/sqlalchemy/dialects/postgresql/asyncpg.py:585: in execute
    self._adapt_connection.await_(
.venv/lib/python3.12/site-packages/sqlalchemy/util/_concurrency_py3k.py:132: in await_only
    return current.parent.switch(awaitable)  # type: ignore[no-any-return,attr-defined] # noqa: E501
           ^^^^^^^^^^^^^^^^^^^^^^^^^^^^^^^^
.venv/lib/python3.12/site-packages/sqlalchemy/util/_concurrency_py3k.py:196: in greenlet_spawn
    value = await result
            ^^^^^^^^^^^^
.venv/lib/python3.12/site-packages/sqlalchemy/dialects/postgresql/asyncpg.py:563: in _prepare_and_execute
    self._handle_exception(error)
.venv/lib/python3.12/site-packages/sqlalchemy/dialects/postgresql/asyncpg.py:513: in _handle_exception
    self._adapt_connection._handle_exception(error)
_ _ _ _ _ _ _ _ _ _ _ _ _ _ _ _ _ _ _ _ _ _ _ _ _ _ _ _ _ _ _ _ _ _ _ _ _ _ _ _ 

self = <AdaptedConnection <asyncpg.connection.Connection object at 0x74d75ccd73e0>>
error = UniqueViolationError('duplicate key value violates unique constraint "ix_owners_email"')

    def _handle_exception(self, error):
        if self._connection.is_closed():
            self._transaction = None
            self._started = False
    
        if not isinstance(error, AsyncAdapt_asyncpg_dbapi.Error):
            exception_mapping = self.dbapi._asyncpg_error_translate
    
            for super_ in type(error).__mro__:
                if super_ in exception_mapping:
                    translated_error = exception_mapping[super_](
                        "%s: %s" % (type(error), error)
                    )
                    translated_error.pgcode = translated_error.sqlstate = (
                        getattr(error, "sqlstate", None)
                    )
>                   raise translated_error from error
E                   sqlalchemy.exc.IntegrityError: (sqlalchemy.dialects.postgresql.asyncpg.IntegrityError) <class 'asyncpg.exceptions.UniqueViolationError'>: duplicate key value violates unique constraint "ix_owners_email"
E                   DETAIL:  Key (email)=(owner_roles@test.com) already exists.
E                   [SQL: INSERT INTO owners (id, org_id, owner_name, email, hashed_password, email_verified, email_verified_at, onboarding_completed, onboarding_completed_at) VALUES ($1::UUID, $2::UUID, $3::VARCHAR, $4::VARCHAR, $5::VARCHAR, $6::BOOLEAN, $7::TIMESTAMP WITH TIME ZONE, $8::BOOLEAN, $9::TIMESTAMP WITH TIME ZONE) RETURNING owners.created_at, owners.updated_at]
E                   [parameters: (UUID('3a63b5bd-b8a0-4a04-ac19-e6619780fdb6'), UUID('ca777bdd-e058-4862-bcbb-0fb158845097'), 'Org Owner', 'owner_roles@test.com', 'hash', True, None, False, None)]
E                   (Background on this error at: https://sqlalche.me/e/20/gkpj)

.venv/lib/python3.12/site-packages/sqlalchemy/dialects/postgresql/asyncpg.py:797: IntegrityError
---------------------------- Captured stdout setup -----------------------------
2026-05-23 12:50:20,020 INFO sqlalchemy.engine.Engine BEGIN (implicit)
2026-05-23 12:50:20,021 INFO sqlalchemy.engine.Engine RESET ROLE
2026-05-23 12:50:20,021 INFO sqlalchemy.engine.Engine [generated in 0.00011s] ()
2026-05-23 12:50:20,022 INFO sqlalchemy.engine.Engine GRANT SELECT, INSERT, UPDATE, DELETE ON public.branch_audit_log TO app_rls_executor;
2026-05-23 12:50:20,022 INFO sqlalchemy.engine.Engine [generated in 0.00009s] ()
2026-05-23 12:50:20,023 INFO sqlalchemy.engine.Engine GRANT SELECT, INSERT, UPDATE, DELETE ON public.branch_audit_log_y2026_m05 TO app_rls_executor;
2026-05-23 12:50:20,023 INFO sqlalchemy.engine.Engine [generated in 0.00008s] ()
2026-05-23 12:50:20,023 INFO sqlalchemy.engine.Engine COMMIT
2026-05-23 12:50:20,069 INFO sqlalchemy.engine.Engine BEGIN (implicit)
2026-05-23 12:50:20,071 INFO sqlalchemy.engine.Engine INSERT INTO organizations (id, name, slug, tier, business_type, is_active, max_branches, tagline, description, year_established, website_url, website_verified, social_links, phone, address_line1, address_line2, city, state, document_url, verification_status, pincode, country, profile_completed, logo_key, logo_thumb_key, logo_medium_key, logo_full_key, logo_status, logo_updated_at, logo_updated_by, cover_key, cover_mobile_key, cover_tablet_key, cover_desktop_key, cover_status, cover_updated_at, cover_updated_by) VALUES ($1::UUID, $2::VARCHAR, $3::VARCHAR, $4::orgtier, $5::VARCHAR, $6::BOOLEAN, $7::INTEGER, $8::VARCHAR, $9::VARCHAR, $10::SMALLINT, $11::VARCHAR, $12::BOOLEAN, $13::JSONB, $14::VARCHAR, $15::VARCHAR, $16::VARCHAR, $17::VARCHAR, $18::VARCHAR, $19::VARCHAR, $20::VARCHAR, $21::VARCHAR, $22::VARCHAR, $23::BOOLEAN, $24::VARCHAR, $25::VARCHAR, $26::VARCHAR, $27::VARCHAR, $28::asset_status_enum, $29::TIMESTAMP WITH TIME ZONE, $30::UUID, $31::VARCHAR, $32::VARCHAR, $33::VARCHAR, $34::VARCHAR, $35::asset_status_enum, $36::TIMESTAMP WITH TIME ZONE, $37::UUID) RETURNING organizations.created_at, organizations.updated_at
2026-05-23 12:50:20,071 INFO sqlalchemy.engine.Engine [generated in 0.00033s] (UUID('ca777bdd-e058-4862-bcbb-0fb158845097'), 'Staff Roles Test Org', None, 'basic', None, True, 5, None, None, None, None, False, '{}', None, None, None, None, None, None, 'pending', None, 'India', False, None, None, None, None, None, None, None, None, None, None, None, None, None, None)
2026-05-23 12:50:20,081 INFO sqlalchemy.engine.Engine INSERT INTO owners (id, org_id, owner_name, email, hashed_password, email_verified, email_verified_at, onboarding_completed, onboarding_completed_at) VALUES ($1::UUID, $2::UUID, $3::VARCHAR, $4::VARCHAR, $5::VARCHAR, $6::BOOLEAN, $7::TIMESTAMP WITH TIME ZONE, $8::BOOLEAN, $9::TIMESTAMP WITH TIME ZONE) RETURNING owners.created_at, owners.updated_at
2026-05-23 12:50:20,081 INFO sqlalchemy.engine.Engine [generated in 0.00019s] (UUID('3a63b5bd-b8a0-4a04-ac19-e6619780fdb6'), UUID('ca777bdd-e058-4862-bcbb-0fb158845097'), 'Org Owner', 'owner_roles@test.com', 'hash', True, None, False, None)
2026-05-23 12:50:20,082 INFO sqlalchemy.engine.Engine ROLLBACK
------------------------------ Captured log setup ------------------------------
INFO     sqlalchemy.engine.Engine:base.py:2710 BEGIN (implicit)
INFO     sqlalchemy.engine.Engine:base.py:1846 RESET ROLE
INFO     sqlalchemy.engine.Engine:base.py:1846 [generated in 0.00011s] ()
INFO     sqlalchemy.engine.Engine:base.py:1846 GRANT SELECT, INSERT, UPDATE, DELETE ON public.branch_audit_log TO app_rls_executor;
INFO     sqlalchemy.engine.Engine:base.py:1846 [generated in 0.00009s] ()
INFO     sqlalchemy.engine.Engine:base.py:1846 GRANT SELECT, INSERT, UPDATE, DELETE ON public.branch_audit_log_y2026_m05 TO app_rls_executor;
INFO     sqlalchemy.engine.Engine:base.py:1846 [generated in 0.00008s] ()
INFO     sqlalchemy.engine.Engine:base.py:2716 COMMIT
INFO     sqlalchemy.engine.Engine:base.py:2710 BEGIN (implicit)
INFO     sqlalchemy.engine.Engine:base.py:1846 INSERT INTO organizations (id, name, slug, tier, business_type, is_active, max_branches, tagline, description, year_established, website_url, website_verified, social_links, phone, address_line1, address_line2, city, state, document_url, verification_status, pincode, country, profile_completed, logo_key, logo_thumb_key, logo_medium_key, logo_full_key, logo_status, logo_updated_at, logo_updated_by, cover_key, cover_mobile_key, cover_tablet_key, cover_desktop_key, cover_status, cover_updated_at, cover_updated_by) VALUES ($1::UUID, $2::VARCHAR, $3::VARCHAR, $4::orgtier, $5::VARCHAR, $6::BOOLEAN, $7::INTEGER, $8::VARCHAR, $9::VARCHAR, $10::SMALLINT, $11::VARCHAR, $12::BOOLEAN, $13::JSONB, $14::VARCHAR, $15::VARCHAR, $16::VARCHAR, $17::VARCHAR, $18::VARCHAR, $19::VARCHAR, $20::VARCHAR, $21::VARCHAR, $22::VARCHAR, $23::BOOLEAN, $24::VARCHAR, $25::VARCHAR, $26::VARCHAR, $27::VARCHAR, $28::asset_status_enum, $29::TIMESTAMP WITH TIME ZONE, $30::UUID, $31::VARCHAR, $32::VARCHAR, $33::VARCHAR, $34::VARCHAR, $35::asset_status_enum, $36::TIMESTAMP WITH TIME ZONE, $37::UUID) RETURNING organizations.created_at, organizations.updated_at
INFO     sqlalchemy.engine.Engine:base.py:1846 [generated in 0.00033s] (UUID('ca777bdd-e058-4862-bcbb-0fb158845097'), 'Staff Roles Test Org', None, 'basic', None, True, 5, None, None, None, None, False, '{}', None, None, None, None, None, None, 'pending', None, 'India', False, None, None, None, None, None, None, None, None, None, None, None, None, None, None)
INFO     sqlalchemy.engine.Engine:base.py:1846 INSERT INTO owners (id, org_id, owner_name, email, hashed_password, email_verified, email_verified_at, onboarding_completed, onboarding_completed_at) VALUES ($1::UUID, $2::UUID, $3::VARCHAR, $4::VARCHAR, $5::VARCHAR, $6::BOOLEAN, $7::TIMESTAMP WITH TIME ZONE, $8::BOOLEAN, $9::TIMESTAMP WITH TIME ZONE) RETURNING owners.created_at, owners.updated_at
INFO     sqlalchemy.engine.Engine:base.py:1846 [generated in 0.00019s] (UUID('3a63b5bd-b8a0-4a04-ac19-e6619780fdb6'), UUID('ca777bdd-e058-4862-bcbb-0fb158845097'), 'Org Owner', 'owner_roles@test.com', 'hash', True, None, False, None)
INFO     sqlalchemy.engine.Engine:base.py:2713 ROLLBACK
____________ ERROR at teardown of test_branch_staff_role_assignment ____________

self = <sqlalchemy.dialects.postgresql.asyncpg.AsyncAdapt_asyncpg_cursor object at 0x74d757b6ba00>
operation = 'DELETE FROM branch_staff_roles;', parameters = ()

    async def _prepare_and_execute(self, operation, parameters):
        adapt_connection = self._adapt_connection
    
        async with adapt_connection._execute_mutex:
            if not adapt_connection._started:
                await adapt_connection._start_transaction()
    
            if parameters is None:
                parameters = ()
    
            try:
                prepared_stmt, attributes = await adapt_connection._prepare(
                    operation, self._invalidate_schema_cache_asof
                )
    
                if attributes:
                    self.description = [
                        (
                            attr.name,
                            attr.type.oid,
                            None,
                            None,
                            None,
                            None,
                            None,
                        )
                        for attr in attributes
                    ]
                else:
                    self.description = None
    
                if self.server_side:
                    self._cursor = await prepared_stmt.cursor(*parameters)
                    self.rowcount = -1
                else:
>                   self._rows = deque(await prepared_stmt.fetch(*parameters))
                                       ^^^^^^^^^^^^^^^^^^^^^^^^^^^^^^^^^^^^^^

.venv/lib/python3.12/site-packages/sqlalchemy/dialects/postgresql/asyncpg.py:550: 
_ _ _ _ _ _ _ _ _ _ _ _ _ _ _ _ _ _ _ _ _ _ _ _ _ _ _ _ _ _ _ _ _ _ _ _ _ _ _ _ 
.venv/lib/python3.12/site-packages/asyncpg/prepared_stmt.py:177: in fetch
    data = await self.__bind_execute(args, 0, timeout)
           ^^^^^^^^^^^^^^^^^^^^^^^^^^^^^^^^^^^^^^^^^^^
.venv/lib/python3.12/site-packages/asyncpg/prepared_stmt.py:268: in __bind_execute
    data, status, _ = await self.__do_execute(
.venv/lib/python3.12/site-packages/asyncpg/prepared_stmt.py:257: in __do_execute
    return await executor(protocol)
           ^^^^^^^^^^^^^^^^^^^^^^^^
_ _ _ _ _ _ _ _ _ _ _ _ _ _ _ _ _ _ _ _ _ _ _ _ _ _ _ _ _ _ _ _ _ _ _ _ _ _ _ _ 

>   ???
E   asyncpg.exceptions.InsufficientPrivilegeError: query would be affected by row-level security policy for table "member_permission_snapshots"

asyncpg/protocol/protocol.pyx:205: InsufficientPrivilegeError

The above exception was the direct cause of the following exception:

self = <sqlalchemy.engine.base.Connection object at 0x74d75cb7b950>
dialect = <sqlalchemy.dialects.postgresql.asyncpg.PGDialect_asyncpg object at 0x74d763f9d190>
context = <sqlalchemy.dialects.postgresql.asyncpg.PGExecutionContext_asyncpg object at 0x74d75cb79010>
statement = <sqlalchemy.dialects.postgresql.asyncpg.PGCompiler_asyncpg object at 0x74d75cb7bb00>
parameters = [()]

    def _exec_single_context(
        self,
        dialect: Dialect,
        context: ExecutionContext,
        statement: Union[str, Compiled],
        parameters: Optional[_AnyMultiExecuteParams],
    ) -> CursorResult[Any]:
        """continue the _execute_context() method for a single DBAPI
        cursor.execute() or cursor.executemany() call.
    
        """
        if dialect.bind_typing is BindTyping.SETINPUTSIZES:
            generic_setinputsizes = context._prepare_set_input_sizes()
    
            if generic_setinputsizes:
                try:
                    dialect.do_set_input_sizes(
                        context.cursor, generic_setinputsizes, context
                    )
                except BaseException as e:
                    self._handle_dbapi_exception(
                        e, str(statement), parameters, None, context
                    )
    
        cursor, str_statement, parameters = (
            context.cursor,
            context.statement,
            context.parameters,
        )
    
        effective_parameters: Optional[_AnyExecuteParams]
    
        if not context.executemany:
            effective_parameters = parameters[0]
        else:
            effective_parameters = parameters
    
        if self._has_events or self.engine._has_events:
            for fn in self.dispatch.before_cursor_execute:
                str_statement, effective_parameters = fn(
                    self,
                    cursor,
                    str_statement,
                    effective_parameters,
                    context,
                    context.executemany,
                )
    
        if self._echo:
            self._log_info(str_statement)
    
            stats = context._get_cache_stats()
    
            if not self.engine.hide_parameters:
                self._log_info(
                    "[%s] %r",
                    stats,
                    sql_util._repr_params(
                        effective_parameters,
                        batches=10,
                        ismulti=context.executemany,
                    ),
                )
            else:
                self._log_info(
                    "[%s] [SQL parameters hidden due to hide_parameters=True]",
                    stats,
                )
    
        evt_handled: bool = False
        try:
            if context.execute_style is ExecuteStyle.EXECUTEMANY:
                effective_parameters = cast(
                    "_CoreMultiExecuteParams", effective_parameters
                )
                if self.dialect._has_events:
                    for fn in self.dialect.dispatch.do_executemany:
                        if fn(
                            cursor,
                            str_statement,
                            effective_parameters,
                            context,
                        ):
                            evt_handled = True
                            break
                if not evt_handled:
                    self.dialect.do_executemany(
                        cursor,
                        str_statement,
                        effective_parameters,
                        context,
                    )
            elif not effective_parameters and context.no_parameters:
                if self.dialect._has_events:
                    for fn in self.dialect.dispatch.do_execute_no_params:
                        if fn(cursor, str_statement, context):
                            evt_handled = True
                            break
                if not evt_handled:
                    self.dialect.do_execute_no_params(
                        cursor, str_statement, context
                    )
            else:
                effective_parameters = cast(
                    "_CoreSingleExecuteParams", effective_parameters
                )
                if self.dialect._has_events:
                    for fn in self.dialect.dispatch.do_execute:
                        if fn(
                            cursor,
                            str_statement,
                            effective_parameters,
                            context,
                        ):
                            evt_handled = True
                            break
                if not evt_handled:
>                   self.dialect.do_execute(
                        cursor, str_statement, effective_parameters, context
                    )

.venv/lib/python3.12/site-packages/sqlalchemy/engine/base.py:1967: 
_ _ _ _ _ _ _ _ _ _ _ _ _ _ _ _ _ _ _ _ _ _ _ _ _ _ _ _ _ _ _ _ _ _ _ _ _ _ _ _ 
.venv/lib/python3.12/site-packages/sqlalchemy/engine/default.py:952: in do_execute
    cursor.execute(statement, parameters)
.venv/lib/python3.12/site-packages/sqlalchemy/dialects/postgresql/asyncpg.py:585: in execute
    self._adapt_connection.await_(
.venv/lib/python3.12/site-packages/sqlalchemy/util/_concurrency_py3k.py:132: in await_only
    return current.parent.switch(awaitable)  # type: ignore[no-any-return,attr-defined] # noqa: E501
           ^^^^^^^^^^^^^^^^^^^^^^^^^^^^^^^^
.venv/lib/python3.12/site-packages/sqlalchemy/util/_concurrency_py3k.py:196: in greenlet_spawn
    value = await result
            ^^^^^^^^^^^^
.venv/lib/python3.12/site-packages/sqlalchemy/dialects/postgresql/asyncpg.py:563: in _prepare_and_execute
    self._handle_exception(error)
.venv/lib/python3.12/site-packages/sqlalchemy/dialects/postgresql/asyncpg.py:513: in _handle_exception
    self._adapt_connection._handle_exception(error)
_ _ _ _ _ _ _ _ _ _ _ _ _ _ _ _ _ _ _ _ _ _ _ _ _ _ _ _ _ _ _ _ _ _ _ _ _ _ _ _ 

self = <AdaptedConnection <asyncpg.connection.Connection object at 0x74d75cb5a210>>
error = InsufficientPrivilegeError('query would be affected by row-level security policy for table "member_permission_snapshots"')

    def _handle_exception(self, error):
        if self._connection.is_closed():
            self._transaction = None
            self._started = False
    
        if not isinstance(error, AsyncAdapt_asyncpg_dbapi.Error):
            exception_mapping = self.dbapi._asyncpg_error_translate
    
            for super_ in type(error).__mro__:
                if super_ in exception_mapping:
                    translated_error = exception_mapping[super_](
                        "%s: %s" % (type(error), error)
                    )
                    translated_error.pgcode = translated_error.sqlstate = (
                        getattr(error, "sqlstate", None)
                    )
>                   raise translated_error from error
E                   sqlalchemy.dialects.postgresql.asyncpg.AsyncAdapt_asyncpg_dbapi.ProgrammingError: <class 'asyncpg.exceptions.InsufficientPrivilegeError'>: query would be affected by row-level security policy for table "member_permission_snapshots"

.venv/lib/python3.12/site-packages/sqlalchemy/dialects/postgresql/asyncpg.py:797: ProgrammingError

The above exception was the direct cause of the following exception:

    @pytest_asyncio.fixture(autouse=True)
    async def cleanup_database_and_redis():
        await init_redis()
        redis_utils = get_redis_utils()
        await redis_utils.client.flushdb()
    
        yield
    
        async with AsyncSessionLocal() as session:
            # Reset role to superuser before running cleanup commands
            await session.execute(text("RESET ROLE"))
            # Drop all rows created during tests in correct dependency order
>           await session.execute(text("DELETE FROM branch_staff_roles;"))

tests/test_staff_roles.py:31: 
_ _ _ _ _ _ _ _ _ _ _ _ _ _ _ _ _ _ _ _ _ _ _ _ _ _ _ _ _ _ _ _ _ _ _ _ _ _ _ _ 
.venv/lib/python3.12/site-packages/sqlalchemy/ext/asyncio/session.py:449: in execute
    result = await greenlet_spawn(
.venv/lib/python3.12/site-packages/sqlalchemy/util/_concurrency_py3k.py:201: in greenlet_spawn
    result = context.throw(*sys.exc_info())
             ^^^^^^^^^^^^^^^^^^^^^^^^^^^^^^
.venv/lib/python3.12/site-packages/sqlalchemy/orm/session.py:2351: in execute
    return self._execute_internal(
.venv/lib/python3.12/site-packages/sqlalchemy/orm/session.py:2258: in _execute_internal
    result = conn.execute(
.venv/lib/python3.12/site-packages/sqlalchemy/engine/base.py:1419: in execute
    return meth(
.venv/lib/python3.12/site-packages/sqlalchemy/sql/elements.py:527: in _execute_on_connection
    return connection._execute_clauseelement(
.venv/lib/python3.12/site-packages/sqlalchemy/engine/base.py:1641: in _execute_clauseelement
    ret = self._execute_context(
.venv/lib/python3.12/site-packages/sqlalchemy/engine/base.py:1846: in _execute_context
    return self._exec_single_context(
.venv/lib/python3.12/site-packages/sqlalchemy/engine/base.py:1986: in _exec_single_context
    self._handle_dbapi_exception(
.venv/lib/python3.12/site-packages/sqlalchemy/engine/base.py:2363: in _handle_dbapi_exception
    raise sqlalchemy_exception.with_traceback(exc_info[2]) from e
.venv/lib/python3.12/site-packages/sqlalchemy/engine/base.py:1967: in _exec_single_context
    self.dialect.do_execute(
.venv/lib/python3.12/site-packages/sqlalchemy/engine/default.py:952: in do_execute
    cursor.execute(statement, parameters)
.venv/lib/python3.12/site-packages/sqlalchemy/dialects/postgresql/asyncpg.py:585: in execute
    self._adapt_connection.await_(
.venv/lib/python3.12/site-packages/sqlalchemy/util/_concurrency_py3k.py:132: in await_only
    return current.parent.switch(awaitable)  # type: ignore[no-any-return,attr-defined] # noqa: E501
           ^^^^^^^^^^^^^^^^^^^^^^^^^^^^^^^^
.venv/lib/python3.12/site-packages/sqlalchemy/util/_concurrency_py3k.py:196: in greenlet_spawn
    value = await result
            ^^^^^^^^^^^^
.venv/lib/python3.12/site-packages/sqlalchemy/dialects/postgresql/asyncpg.py:563: in _prepare_and_execute
    self._handle_exception(error)
.venv/lib/python3.12/site-packages/sqlalchemy/dialects/postgresql/asyncpg.py:513: in _handle_exception
    self._adapt_connection._handle_exception(error)
_ _ _ _ _ _ _ _ _ _ _ _ _ _ _ _ _ _ _ _ _ _ _ _ _ _ _ _ _ _ _ _ _ _ _ _ _ _ _ _ 

self = <AdaptedConnection <asyncpg.connection.Connection object at 0x74d75cb5a210>>
error = InsufficientPrivilegeError('query would be affected by row-level security policy for table "member_permission_snapshots"')

    def _handle_exception(self, error):
        if self._connection.is_closed():
            self._transaction = None
            self._started = False
    
        if not isinstance(error, AsyncAdapt_asyncpg_dbapi.Error):
            exception_mapping = self.dbapi._asyncpg_error_translate
    
            for super_ in type(error).__mro__:
                if super_ in exception_mapping:
                    translated_error = exception_mapping[super_](
                        "%s: %s" % (type(error), error)
                    )
                    translated_error.pgcode = translated_error.sqlstate = (
                        getattr(error, "sqlstate", None)
                    )
>                   raise translated_error from error
E                   sqlalchemy.exc.ProgrammingError: (sqlalchemy.dialects.postgresql.asyncpg.ProgrammingError) <class 'asyncpg.exceptions.InsufficientPrivilegeError'>: query would be affected by row-level security policy for table "member_permission_snapshots"
E                   [SQL: DELETE FROM branch_staff_roles;]
E                   (Background on this error at: https://sqlalche.me/e/20/f405)

.venv/lib/python3.12/site-packages/sqlalchemy/dialects/postgresql/asyncpg.py:797: ProgrammingError
---------------------------- Captured stdout setup -----------------------------
2026-05-23 12:50:20,020 INFO sqlalchemy.engine.Engine BEGIN (implicit)
2026-05-23 12:50:20,021 INFO sqlalchemy.engine.Engine RESET ROLE
2026-05-23 12:50:20,021 INFO sqlalchemy.engine.Engine [generated in 0.00011s] ()
2026-05-23 12:50:20,022 INFO sqlalchemy.engine.Engine GRANT SELECT, INSERT, UPDATE, DELETE ON public.branch_audit_log TO app_rls_executor;
2026-05-23 12:50:20,022 INFO sqlalchemy.engine.Engine [generated in 0.00009s] ()
2026-05-23 12:50:20,023 INFO sqlalchemy.engine.Engine GRANT SELECT, INSERT, UPDATE, DELETE ON public.branch_audit_log_y2026_m05 TO app_rls_executor;
2026-05-23 12:50:20,023 INFO sqlalchemy.engine.Engine [generated in 0.00008s] ()
2026-05-23 12:50:20,023 INFO sqlalchemy.engine.Engine COMMIT
2026-05-23 12:50:20,069 INFO sqlalchemy.engine.Engine BEGIN (implicit)
2026-05-23 12:50:20,071 INFO sqlalchemy.engine.Engine INSERT INTO organizations (id, name, slug, tier, business_type, is_active, max_branches, tagline, description, year_established, website_url, website_verified, social_links, phone, address_line1, address_line2, city, state, document_url, verification_status, pincode, country, profile_completed, logo_key, logo_thumb_key, logo_medium_key, logo_full_key, logo_status, logo_updated_at, logo_updated_by, cover_key, cover_mobile_key, cover_tablet_key, cover_desktop_key, cover_status, cover_updated_at, cover_updated_by) VALUES ($1::UUID, $2::VARCHAR, $3::VARCHAR, $4::orgtier, $5::VARCHAR, $6::BOOLEAN, $7::INTEGER, $8::VARCHAR, $9::VARCHAR, $10::SMALLINT, $11::VARCHAR, $12::BOOLEAN, $13::JSONB, $14::VARCHAR, $15::VARCHAR, $16::VARCHAR, $17::VARCHAR, $18::VARCHAR, $19::VARCHAR, $20::VARCHAR, $21::VARCHAR, $22::VARCHAR, $23::BOOLEAN, $24::VARCHAR, $25::VARCHAR, $26::VARCHAR, $27::VARCHAR, $28::asset_status_enum, $29::TIMESTAMP WITH TIME ZONE, $30::UUID, $31::VARCHAR, $32::VARCHAR, $33::VARCHAR, $34::VARCHAR, $35::asset_status_enum, $36::TIMESTAMP WITH TIME ZONE, $37::UUID) RETURNING organizations.created_at, organizations.updated_at
2026-05-23 12:50:20,071 INFO sqlalchemy.engine.Engine [generated in 0.00033s] (UUID('ca777bdd-e058-4862-bcbb-0fb158845097'), 'Staff Roles Test Org', None, 'basic', None, True, 5, None, None, None, None, False, '{}', None, None, None, None, None, None, 'pending', None, 'India', False, None, None, None, None, None, None, None, None, None, None, None, None, None, None)
2026-05-23 12:50:20,081 INFO sqlalchemy.engine.Engine INSERT INTO owners (id, org_id, owner_name, email, hashed_password, email_verified, email_verified_at, onboarding_completed, onboarding_completed_at) VALUES ($1::UUID, $2::UUID, $3::VARCHAR, $4::VARCHAR, $5::VARCHAR, $6::BOOLEAN, $7::TIMESTAMP WITH TIME ZONE, $8::BOOLEAN, $9::TIMESTAMP WITH TIME ZONE) RETURNING owners.created_at, owners.updated_at
2026-05-23 12:50:20,081 INFO sqlalchemy.engine.Engine [generated in 0.00019s] (UUID('3a63b5bd-b8a0-4a04-ac19-e6619780fdb6'), UUID('ca777bdd-e058-4862-bcbb-0fb158845097'), 'Org Owner', 'owner_roles@test.com', 'hash', True, None, False, None)
2026-05-23 12:50:20,082 INFO sqlalchemy.engine.Engine ROLLBACK
------------------------------ Captured log setup ------------------------------
INFO     sqlalchemy.engine.Engine:base.py:2710 BEGIN (implicit)
INFO     sqlalchemy.engine.Engine:base.py:1846 RESET ROLE
INFO     sqlalchemy.engine.Engine:base.py:1846 [generated in 0.00011s] ()
INFO     sqlalchemy.engine.Engine:base.py:1846 GRANT SELECT, INSERT, UPDATE, DELETE ON public.branch_audit_log TO app_rls_executor;
INFO     sqlalchemy.engine.Engine:base.py:1846 [generated in 0.00009s] ()
INFO     sqlalchemy.engine.Engine:base.py:1846 GRANT SELECT, INSERT, UPDATE, DELETE ON public.branch_audit_log_y2026_m05 TO app_rls_executor;
INFO     sqlalchemy.engine.Engine:base.py:1846 [generated in 0.00008s] ()
INFO     sqlalchemy.engine.Engine:base.py:2716 COMMIT
INFO     sqlalchemy.engine.Engine:base.py:2710 BEGIN (implicit)
INFO     sqlalchemy.engine.Engine:base.py:1846 INSERT INTO organizations (id, name, slug, tier, business_type, is_active, max_branches, tagline, description, year_established, website_url, website_verified, social_links, phone, address_line1, address_line2, city, state, document_url, verification_status, pincode, country, profile_completed, logo_key, logo_thumb_key, logo_medium_key, logo_full_key, logo_status, logo_updated_at, logo_updated_by, cover_key, cover_mobile_key, cover_tablet_key, cover_desktop_key, cover_status, cover_updated_at, cover_updated_by) VALUES ($1::UUID, $2::VARCHAR, $3::VARCHAR, $4::orgtier, $5::VARCHAR, $6::BOOLEAN, $7::INTEGER, $8::VARCHAR, $9::VARCHAR, $10::SMALLINT, $11::VARCHAR, $12::BOOLEAN, $13::JSONB, $14::VARCHAR, $15::VARCHAR, $16::VARCHAR, $17::VARCHAR, $18::VARCHAR, $19::VARCHAR, $20::VARCHAR, $21::VARCHAR, $22::VARCHAR, $23::BOOLEAN, $24::VARCHAR, $25::VARCHAR, $26::VARCHAR, $27::VARCHAR, $28::asset_status_enum, $29::TIMESTAMP WITH TIME ZONE, $30::UUID, $31::VARCHAR, $32::VARCHAR, $33::VARCHAR, $34::VARCHAR, $35::asset_status_enum, $36::TIMESTAMP WITH TIME ZONE, $37::UUID) RETURNING organizations.created_at, organizations.updated_at
INFO     sqlalchemy.engine.Engine:base.py:1846 [generated in 0.00033s] (UUID('ca777bdd-e058-4862-bcbb-0fb158845097'), 'Staff Roles Test Org', None, 'basic', None, True, 5, None, None, None, None, False, '{}', None, None, None, None, None, None, 'pending', None, 'India', False, None, None, None, None, None, None, None, None, None, None, None, None, None, None)
INFO     sqlalchemy.engine.Engine:base.py:1846 INSERT INTO owners (id, org_id, owner_name, email, hashed_password, email_verified, email_verified_at, onboarding_completed, onboarding_completed_at) VALUES ($1::UUID, $2::UUID, $3::VARCHAR, $4::VARCHAR, $5::VARCHAR, $6::BOOLEAN, $7::TIMESTAMP WITH TIME ZONE, $8::BOOLEAN, $9::TIMESTAMP WITH TIME ZONE) RETURNING owners.created_at, owners.updated_at
INFO     sqlalchemy.engine.Engine:base.py:1846 [generated in 0.00019s] (UUID('3a63b5bd-b8a0-4a04-ac19-e6619780fdb6'), UUID('ca777bdd-e058-4862-bcbb-0fb158845097'), 'Org Owner', 'owner_roles@test.com', 'hash', True, None, False, None)
INFO     sqlalchemy.engine.Engine:base.py:2713 ROLLBACK
--------------------------- Captured stdout teardown ---------------------------
2026-05-23 12:50:20,398 INFO sqlalchemy.engine.Engine BEGIN (implicit)
2026-05-23 12:50:20,398 INFO sqlalchemy.engine.Engine RESET ROLE
2026-05-23 12:50:20,398 INFO sqlalchemy.engine.Engine [cached since 0.3774s ago] ()
2026-05-23 12:50:20,399 INFO sqlalchemy.engine.Engine DELETE FROM branch_staff_roles;
2026-05-23 12:50:20,399 INFO sqlalchemy.engine.Engine [generated in 0.00012s] ()
2026-05-23 12:50:20,406 INFO sqlalchemy.engine.Engine ROLLBACK
---------------------------- Captured log teardown -----------------------------
INFO     sqlalchemy.engine.Engine:base.py:2710 BEGIN (implicit)
INFO     sqlalchemy.engine.Engine:base.py:1846 RESET ROLE
INFO     sqlalchemy.engine.Engine:base.py:1846 [cached since 0.3774s ago] ()
INFO     sqlalchemy.engine.Engine:base.py:1846 DELETE FROM branch_staff_roles;
INFO     sqlalchemy.engine.Engine:base.py:1846 [generated in 0.00012s] ()
INFO     sqlalchemy.engine.Engine:base.py:2713 ROLLBACK
=============================== warnings summary ===============================
.venv/lib/python3.12/site-packages/passlib/utils/__init__.py:854
  /home/jeevashri/gymflow-backend/.venv/lib/python3.12/site-packages/passlib/utils/__init__.py:854: DeprecationWarning: 'crypt' is deprecated and slated for removal in Python 3.13
    from crypt import crypt as _crypt

-- Docs: https://docs.pytest.org/en/stable/how-to/capture-warnings.html
=========================== short test summary info ============================
ERROR tests/test_staff_roles.py::test_branch_staff_role_assignment - sqlalche...
ERROR tests/test_staff_roles.py::test_branch_staff_role_assignment - sqlalche...
========================= 1 warning, 2 errors in 1.55s =========================
